components/InvoiceDocument.tsx(39,32): error TS2304: Cannot find name 'displayItems'.
components/InvoiceDocument.tsx(40,35): error TS2304: Cannot find name 'displayItems'.
components/InvoiceDocument.tsx(78,26): error TS2304: Cannot find name 'includedItems'.
components/InvoiceDocument.tsx(143,48): error TS2304: Cannot find name 'formattedDate'.
components/InvoiceDocument.tsx(310,101): error TS2304: Cannot find name 'formattedDeadline'.
